Trying to load common config
Trying to load client config
Config files are up to date, skipping data/asset generation
Loaded entity minecraft:zombie_villager as entity.minecraft.zombie_villager with weight 1, min day 0 and max day 20
loaded horde table hordes:default
Loaded entity minecraft:drowned as entity.minecraft.drowned with weight 40, min day 0 and max day 20
Loaded entity minecraft:drowned as entity.minecraft.drowned with weight 3, min day 30 and max day 40
loaded horde table hordes:drowned
Loaded entity minecraft:zombie as entity.minecraft.zombie with weight 20, min day 0 and max day 20
Loaded entity minecraft:skeleton as entity.minecraft.skeleton with weight 10, min day 20 and max day 30
Loaded entity minecraft:spider as entity.minecraft.spider with weight 15, min day 20 and max day 30
Loaded entity minecraft:creeper as entity.minecraft.creeper with weight 5, min day 30 and max day 30
Loaded entity minecraft:husk as entity.minecraft.husk with weight 20, min day 30 and max day 50
Loaded entity minecraft:stray as entity.minecraft.stray with weight 10, min day 40 and max day 50
Loaded entity minecraft:cave_spider as entity.minecraft.cave_spider with weight 10, min day 40 and max day 50
Loaded entity minecraft:witch as entity.minecraft.witch with weight 5, min day 40 and max day 50
Loaded entity minecraft:pillager as entity.minecraft.pillager with weight 10, min day 40 and max day 50
Loaded entity minecraft:zombified_piglin as entity.minecraft.zombified_piglin with weight 10, min day 40 and max day 50
Loaded entity minecraft:zombie_horse as entity.minecraft.zombie_horse with weight 3, min day 40 and max day 50
Loaded entity minecraft:wither_skeleton as entity.minecraft.wither_skeleton with weight 10, min day 50 and max day 0
Loaded entity minecraft:phantom as entity.minecraft.phantom with weight 5, min day 50 and max day 50
Loaded entity minecraft:vindicator as entity.minecraft.vindicator with weight 10, min day 50 and max day 50
Loaded entity minecraft:zoglin as entity.minecraft.zoglin with weight 5, min day 40 and max day 40
Loaded entity minecraft:ravager as entity.minecraft.ravager with weight 5, min day 50 and max day 50
Loaded entity minecraft:evoker as entity.minecraft.evoker with weight 5, min day 50 and max day 50
Loaded entity minecraft:piglin_brute as entity.minecraft.piglin_brute with weight 10, min day 60 and max day 0
Loaded entity minecraft:cave_spider as entity.minecraft.cave_spider with weight 15, min day 60 and max day 0
Loaded entity minecraft:zombie_horse as entity.minecraft.zombie_horse with weight 5, min day 60 and max day 0
Loaded entity minecraft:ravager as entity.minecraft.ravager with weight 3, min day 60 and max day 0
Loaded entity minecraft:phantom as entity.minecraft.phantom with weight 3, min day 60 and max day 0
loaded horde table hordes:mixed_mobs
Loaded entity minecraft:pillager as entity.minecraft.pillager with weight 15, min day 0 and max day 0
Loaded entity minecraft:vindicator as entity.minecraft.vindicator with weight 10, min day 0 and max day 0
Loaded entity minecraft:witch as entity.minecraft.witch with weight 5, min day 20 and max day 0
Loaded entity minecraft:ravager as entity.minecraft.ravager with weight 5, min day 30 and max day 40
Loaded entity minecraft:evoker as entity.minecraft.evoker with weight 3, min day 40 and max day 40
Loaded entity minecraft:illusioner as entity.minecraft.illusioner with weight 5, min day 50 and max day 0
Loaded entity minecraft:ravager as entity.minecraft.ravager with weight 3, min day 50 and max day 0
Loaded entity minecraft:ravager as entity.minecraft.ravager with weight 5, min day 50 and max day 0
loaded horde table hordes:illagers
Loaded entity minecraft:skeleton as entity.minecraft.skeleton with weight 10, min day 0 and max day 20
Loaded entity minecraft:skeleton as entity.minecraft.skeleton with weight 20, min day 0 and max day 30
Loaded entity minecraft:skeleton_horse as entity.minecraft.skeleton_horse with weight 5, min day 20 and max day 50
Loaded entity minecraft:stray as entity.minecraft.stray with weight 10, min day 20 and max day 0
Loaded entity minecraft:wither_skeleton as entity.minecraft.wither_skeleton with weight 10, min day 40 and max day 0
Loaded entity minecraft:skeleton_horse as entity.minecraft.skeleton_horse with weight 5, min day 40 and max day 0
loaded horde table hordes:skeletons
Loaded entity minecraft:zombie as entity.minecraft.zombie with weight 90, min day 0 and max day 0
Loaded entity minecraft:husk as entity.minecraft.husk with weight 10, min day 0 and max day 0
Loaded entity mutantmonsters:mutant_zombie as entity.mutantmonsters.mutant_zombie with weight 10, min day 96 and max day 0
loaded horde table hordes:test
Loaded entity minecraft:zombie as entity.minecraft.zombie with weight 30, min day 0 and max day 0
loaded horde table hordes:fallback
loaded horde script hordes:default
Loading conversion tables
Loading conversion table hordes:infection_conversions
Loaded conversion entity.minecraft.horse to entity.minecraft.zombie_horse with chance of 0.65
Loaded conversion entity.minecraft.piglin to entity.minecraft.zombified_piglin with chance of 0.75
Loaded conversion entity.minecraft.piglin_brute to entity.minecraft.zombified_piglin with chance of 0.35
Loaded conversion entity.minecraft.hoglin to entity.minecraft.zoglin with chance of 0.15
Loaded conversion entity.minecraft.wandering_trader to entity.minecraft.zombie_villager with chance of 0.75
Loaded conversion entity.minecraft.pillager to entity.minecraft.zombie_villager with chance of 0.75
Loaded conversion entity.minecraft.vindicator to entity.minecraft.zombie_villager with chance of 0.35
Loaded conversion entity.minecraft.evoker to entity.minecraft.zombie_villager{Attributes:[{Base:24.0f,Name:"generic.max_health"}],VillagerData:{type:"none"},chat_name:"entity.hordes.ZombieEvoker.name",texture:"hordes:textures/entity/zombie_evoker.png"} with chance of 0.5
Loaded conversion entity.minecraft.illusioner to entity.minecraft.zombie_villager with chance of 0.15
Loaded conversion entity.minecraft.witch to entity.minecraft.zombie_villager with chance of 0.25
Loading immunity item list
Loading immunity item list hordes:immunity_items
Loaded immunity item cure:vaccine with duration 350
Loading wearables protection list
Loading wearables protection list hordes:immune_wearables
Loaded wearable protection marbledsarsenal:helmet_cm6m_gas_mask with modifier 0.86
Loaded wearable protection marbledsarsenal:un_helmet_cm6m_gas_mask with modifier 0.86
Loaded wearable protection marbledsarsenal:olive_helmet_cm6m_gas_mask with modifier 0.86
Loaded wearable protection marbledsarsenal:helmet_cm7m_gas_mask with modifier 0.86
Loaded wearable protection marbledsarsenal:un_helmet_cm7m_gas_mask with modifier 0.86
Loaded wearable protection marbledsarsenal:olive_helmet_cm7m_gas_mask with modifier 0.86
Loaded wearable protection marbledsarsenal:helmet_cm8m_gas_mask with modifier 0.86
Loaded wearable protection marbledsarsenal:un_helmet_cm8m_gas_mask with modifier 0.86
Loaded wearable protection marbledsarsenal:olive_helmet_cm8m_gas_mask with modifier 0.86
Loaded wearable protection marbledsarsenal:combat_helmet with modifier 0.86
Loaded wearable protection marbledsarsenal:un_combat_helmet with modifier 0.86
Loaded wearable protection marbledsarsenal:olive_combat_helmet with modifier 0.86
Loaded wearable protection marbledsarsenal:riot_armor_helmet with modifier 0.86
Loaded wearable protection marbledsarsenal:swat_armor_helmet with modifier 0.86
Loaded wearable protection marbledsarsenal:winter_military_armor_helmet with modifier 0.86
Loaded wearable protection marbledsarsenal:desert_military_armor_helmet with modifier 0.86
Loaded wearable protection marbledsarsenal:hazmat_armor_helmet with modifier 0.91
Loaded wearable protection marbledsarsenal:olive_juggernaut_armor_helmet with modifier 0.75
Loaded wearable protection marbledsarsenal:black_juggernaut_armor_helmet with modifier 0.75
Loaded wearable protection mcore:steel_helmet with modifier 0.86
Loaded wearable protection mcore:titanium_helmet with modifier 0.86
Loaded wearable protection the_deeper_void:tungsten_armor_helmet with modifier 0.86
Loaded wearable protection the_deeper_void:tungsten_armor_chestplate with modifier 0.86
Loaded wearable protection marbledsarsenal:riot_armor_chestplate with modifier 0.86
Loaded wearable protection marbledsarsenal:swat_armor_chestplate with modifier 0.86
Loaded wearable protection marbledsarsenal:winter_military_armor_chestplate with modifier 0.86
Loaded wearable protection marbledsarsenal:desert_military_armor_chestplate with modifier 0.86
Loaded wearable protection marbledsarsenal:hazmat_armor_chestplate with modifier 0.91
Loaded wearable protection marbledsarsenal:olive_juggernaut_armor_chestplate with modifier 0.75
Loaded wearable protection marbledsarsenal:black_juggernaut_armor_chestplate with modifier 0.75
Loaded wearable protection mcore:steel_chestplate with modifier 0.86
Loaded wearable protection mcore:titanium_chestplate with modifier 0.86
Loaded wearable protection the_deeper_void:tungsten_armor_leggings with modifier 0.86
Loaded wearable protection marbledsarsenal:riot_armor_leggings with modifier 0.86
Loaded wearable protection marbledsarsenal:swat_armor_leggings with modifier 0.86
Loaded wearable protection marbledsarsenal:winter_military_armor_leggings with modifier 0.86
Loaded wearable protection marbledsarsenal:desert_military_armor_leggings with modifier 0.86
Loaded wearable protection marbledsarsenal:hazmat_armor_leggings with modifier 0.91
Loaded wearable protection marbledsarsenal:olive_juggernaut_armor_leggings with modifier 0.75
Loaded wearable protection marbledsarsenal:black_juggernaut_armor_leggings with modifier 0.75
Loaded wearable protection mcore:steel_leggings with modifier 0.86
Loaded wearable protection mcore:titanium_leggings with modifier 0.86
Loaded wearable protection the_deeper_void:tungsten_armor_boots with modifier 0.86
Loaded wearable protection marbledsarsenal:riot_armor_boots with modifier 0.86
Loaded wearable protection marbledsarsenal:swat_armor_boots with modifier 0.86
Loaded wearable protection marbledsarsenal:winter_military_armor_boots with modifier 0.86
Loaded wearable protection marbledsarsenal:desert_military_armor_boots with modifier 0.86
Loaded wearable protection marbledsarsenal:hazmat_armor_boots with modifier 0.91
Loaded wearable protection marbledsarsenal:olive_juggernaut_armor_boots with modifier 0.75
Loaded wearable protection marbledsarsenal:black_juggernaut_armor_boots with modifier 0.75
Loaded wearable protection mcore:steel_boots with modifier 0.86
Loaded wearable protection mcore:titanium_boots with modifier 0.86
