[23:02:36] [F-S-S/INFO] -----------------------------------------------
[23:02:36] [F-S-S/INFO] FORGE-Server-Starter
[23:02:36] [F-S-S/INFO] Now support MinecraftForge and NeoForged
[23:02:36] [F-S-S/INFO] 
[23:02:36] [F-S-S/INFO] By HellBz.de
[23:02:36] [F-S-S/INFO] 
[23:02:36] [F-S-S/INFO] -----------------------------------------------
[23:02:36] [F-S-S/INFO] Checking System ...
[23:02:36] [F-S-S/INFO] Checking Internet... Connected to the Web.
[23:02:38] [F-S-S/INFO] ----------------------------------------------------------------
[23:02:38] [F-S-S/INFO] You have the latest version of F-S-S, with: 3.5.7
[23:02:38] [F-S-S/INFO] Latest Update if from: 2024-04-17T02:09:46.000+02:00 on GitHub.
[23:02:38] [F-S-S/INFO] You find all Versions there:
[23:02:38] [F-S-S/INFO] https://www.curseforge.com/minecraft/mc-mods/forge-server-starter
[23:02:38] [F-S-S/INFO] ----------------------------------------------------------------
[23:02:38] [F-S-S/INFO] Found Minecraft: 1.20.1 with Forge-Version: 47.4.20
[23:02:38] [F-S-S/INFO] Building Startup-Parameter ...
[23:02:38] [F-S-S/INFO] Eula-File is already accepted.
[23:02:38] [F-S-S/INFO] 
[23:02:38] [F-S-S/INFO] Server is Running in TimeZone: UTC
[23:02:38] [F-S-S/INFO] Setup your own timezone in server_starter.conf
[23:02:38] [F-S-S/INFO] 
[23:02:38] [F-S-S/INFO] Start Forge 47.4.20 Server
[23:02:38] [F-S-S/INFO] -----------------------------------------------
[23:09:11] [F-S-S/WARNING] Server is successfully stopped.
